// Jest Snapshot v1, https://goo.gl/fbAQLP

exports[`matches the snapshot 1`] = `
<div
  className={undefined}
  id="title"
  style={
    Object {
      "height": 150,
      "width": 250,
    }
  }
/>
`;
