// Jest Snapshot v1, https://goo.gl/fbAQLP

exports[`<LineChartWrapper /> renders correctly and enable/disable the line when click on the legend 1`] = `
Object {
  "asFragment": [Function],
  "baseElement": <body>
    <div>
      <div
        class="line-chart-wrapper"
        title="title test"
      >
        <h3>
          title test
        </h3>
        <div
          class="recharts-wrapper"
          style="position: relative; cursor: default; width: 700px; height: 300px;"
        >
          <svg
            class="recharts-surface"
            cursor=""
            height="300"
            version="1.1"
            viewBox="0 0 700 300"
            width="700"
          >
            <defs>
              <clippath
                id="recharts2-clip"
              >
                <rect
                  height="260"
                  width="590"
                  x="80"
                  y="5"
                />
              </clippath>
            </defs>
            <g
              class="recharts-cartesian-grid"
            >
              <g
                class="recharts-cartesian-grid-horizontal"
              >
                <line
                  fill="none"
                  height="260"
                  stroke="#ccc"
                  stroke-dasharray="3 3"
                  width="590"
                  x="80"
                  x1="80"
                  x2="670"
                  y="5"
                  y1="5"
                  y2="5"
                />
                <line
                  fill="none"
                  height="260"
                  stroke="#ccc"
                  stroke-dasharray="3 3"
                  width="590"
                  x="80"
                  x1="80"
                  x2="670"
                  y="5"
                  y1="265"
                  y2="265"
                />
              </g>
              <g
                class="recharts-cartesian-grid-vertical"
              >
                <line
                  fill="none"
                  height="260"
                  stroke="#ccc"
                  stroke-dasharray="3 3"
                  width="590"
                  x="80"
                  x1="375"
                  x2="375"
                  y="5"
                  y1="5"
                  y2="265"
                />
                <line
                  fill="none"
                  height="260"
                  stroke="#ccc"
                  stroke-dasharray="3 3"
                  width="590"
                  x="80"
                  x1="80"
                  x2="80"
                  y="5"
                  y1="5"
                  y2="265"
                />
                <line
                  fill="none"
                  height="260"
                  stroke="#ccc"
                  stroke-dasharray="3 3"
                  width="590"
                  x="80"
                  x1="670"
                  x2="670"
                  y="5"
                  y1="5"
                  y2="265"
                />
              </g>
            </g>
            <g
              class="recharts-layer recharts-cartesian-axis recharts-xAxis xAxis"
            >
              <line
                class="recharts-cartesian-axis-line"
                fill="none"
                height="30"
                stroke="#666"
                width="590"
                x="80"
                x1="80"
                x2="670"
                y="265"
                y1="265"
                y2="265"
              />
              <g
                class="recharts-cartesian-axis-ticks"
              >
                <g
                  class="recharts-layer recharts-cartesian-axis-tick"
                >
                  <line
                    class="recharts-cartesian-axis-tick-line"
                    fill="none"
                    height="30"
                    stroke="#666"
                    width="590"
                    x="80"
                    x1="375"
                    x2="375"
                    y="265"
                    y1="271"
                    y2="265"
                  />
                  <text
                    class="recharts-text recharts-cartesian-axis-tick-value"
                    fill="#666"
                    height="30"
                    stroke="none"
                    text-anchor="middle"
                    width="590"
                    x="375"
                    y="273"
                  >
                    <tspan
                      dy="0.71em"
                      x="375"
                    >
                      name
                    </tspan>
                  </text>
                </g>
              </g>
            </g>
            <g
              class="recharts-layer recharts-cartesian-axis recharts-yAxis yAxis"
            >
              <line
                class="recharts-cartesian-axis-line"
                fill="none"
                height="260"
                stroke="#666"
                width="60"
                x="20"
                x1="80"
                x2="80"
                y="5"
                y1="5"
                y2="265"
              />
              <g
                class="recharts-cartesian-axis-ticks"
              />
            </g>
            <g
              class="recharts-layer recharts-line"
            >
              <g
                class="recharts-layer recharts-line-dots"
              />
            </g>
          </svg>
          <div
            class="recharts-legend-wrapper"
            style="position: absolute; width: 650px; height: auto; left: 20px; bottom: 5px;"
          >
            <ul
              class="recharts-default-legend"
              style="padding: 0px; margin: 0px; text-align: center;"
            >
              <li
                class="recharts-legend-item legend-item-0"
                style="display: inline-block; margin-right: 10px;"
              >
                <svg
                  class="recharts-surface"
                  height="14"
                  style="display: inline-block; vertical-align: middle; margin-right: 4px;"
                  version="1.1"
                  viewBox="0 0 32 32"
                  width="14"
                >
                  <path
                    class="recharts-legend-icon"
                    d="M0,16h10.666666666666666
            A5.333333333333333,5.333333333333333,0,1,1,21.333333333333332,16
            H32M21.333333333333332,16
            A5.333333333333333,5.333333333333333,0,1,1,10.666666666666666,16"
                    fill="none"
                    stroke="#3366cc"
                    stroke-width="4"
                  />
                </svg>
                <span
                  class="recharts-legend-item-text"
                >
                  value
                </span>
              </li>
            </ul>
          </div>
          <div
            class="recharts-tooltip-wrapper"
            style="transform: translate(undefinedpx, undefinedpx); pointer-events: none; visibility: hidden; position: absolute; top: 0px;"
          >
            <div
              class="recharts-default-tooltip"
              style="margin: 0px; padding: 10px; background-color: rgb(255, 255, 255); border: 1px solid #ccc; white-space: nowrap;"
            >
              <p
                class="recharts-tooltip-label"
                style="margin: 0px;"
              />
            </div>
          </div>
        </div>
      </div>
    </div>
    <span
      id="recharts_measurement_span"
      style="position: absolute; top: -20000px; left: 0px; padding: 0px; margin: 0px; white-space: pre;"
    >
      Â 
    </span>
  </body>,
  "container": <div>
    <div
      class="line-chart-wrapper"
      title="title test"
    >
      <h3>
        title test
      </h3>
      <div
        class="recharts-wrapper"
        style="position: relative; cursor: default; width: 700px; height: 300px;"
      >
        <svg
          class="recharts-surface"
          cursor=""
          height="300"
          version="1.1"
          viewBox="0 0 700 300"
          width="700"
        >
          <defs>
            <clippath
              id="recharts2-clip"
            >
              <rect
                height="260"
                width="590"
                x="80"
                y="5"
              />
            </clippath>
          </defs>
          <g
            class="recharts-cartesian-grid"
          >
            <g
              class="recharts-cartesian-grid-horizontal"
            >
              <line
                fill="none"
                height="260"
                stroke="#ccc"
                stroke-dasharray="3 3"
                width="590"
                x="80"
                x1="80"
                x2="670"
                y="5"
                y1="5"
                y2="5"
              />
              <line
                fill="none"
                height="260"
                stroke="#ccc"
                stroke-dasharray="3 3"
                width="590"
                x="80"
                x1="80"
                x2="670"
                y="5"
                y1="265"
                y2="265"
              />
            </g>
            <g
              class="recharts-cartesian-grid-vertical"
            >
              <line
                fill="none"
                height="260"
                stroke="#ccc"
                stroke-dasharray="3 3"
                width="590"
                x="80"
                x1="375"
                x2="375"
                y="5"
                y1="5"
                y2="265"
              />
              <line
                fill="none"
                height="260"
                stroke="#ccc"
                stroke-dasharray="3 3"
                width="590"
                x="80"
                x1="80"
                x2="80"
                y="5"
                y1="5"
                y2="265"
              />
              <line
                fill="none"
                height="260"
                stroke="#ccc"
                stroke-dasharray="3 3"
                width="590"
                x="80"
                x1="670"
                x2="670"
                y="5"
                y1="5"
                y2="265"
              />
            </g>
          </g>
          <g
            class="recharts-layer recharts-cartesian-axis recharts-xAxis xAxis"
          >
            <line
              class="recharts-cartesian-axis-line"
              fill="none"
              height="30"
              stroke="#666"
              width="590"
              x="80"
              x1="80"
              x2="670"
              y="265"
              y1="265"
              y2="265"
            />
            <g
              class="recharts-cartesian-axis-ticks"
            >
              <g
                class="recharts-layer recharts-cartesian-axis-tick"
              >
                <line
                  class="recharts-cartesian-axis-tick-line"
                  fill="none"
                  height="30"
                  stroke="#666"
                  width="590"
                  x="80"
                  x1="375"
                  x2="375"
                  y="265"
                  y1="271"
                  y2="265"
                />
                <text
                  class="recharts-text recharts-cartesian-axis-tick-value"
                  fill="#666"
                  height="30"
                  stroke="none"
                  text-anchor="middle"
                  width="590"
                  x="375"
                  y="273"
                >
                  <tspan
                    dy="0.71em"
                    x="375"
                  >
                    name
                  </tspan>
                </text>
              </g>
            </g>
          </g>
          <g
            class="recharts-layer recharts-cartesian-axis recharts-yAxis yAxis"
          >
            <line
              class="recharts-cartesian-axis-line"
              fill="none"
              height="260"
              stroke="#666"
              width="60"
              x="20"
              x1="80"
              x2="80"
              y="5"
              y1="5"
              y2="265"
            />
            <g
              class="recharts-cartesian-axis-ticks"
            />
          </g>
          <g
            class="recharts-layer recharts-line"
          >
            <g
              class="recharts-layer recharts-line-dots"
            />
          </g>
        </svg>
        <div
          class="recharts-legend-wrapper"
          style="position: absolute; width: 650px; height: auto; left: 20px; bottom: 5px;"
        >
          <ul
            class="recharts-default-legend"
            style="padding: 0px; margin: 0px; text-align: center;"
          >
            <li
              class="recharts-legend-item legend-item-0"
              style="display: inline-block; margin-right: 10px;"
            >
              <svg
                class="recharts-surface"
                height="14"
                style="display: inline-block; vertical-align: middle; margin-right: 4px;"
                version="1.1"
                viewBox="0 0 32 32"
                width="14"
              >
                <path
                  class="recharts-legend-icon"
                  d="M0,16h10.666666666666666
            A5.333333333333333,5.333333333333333,0,1,1,21.333333333333332,16
            H32M21.333333333333332,16
            A5.333333333333333,5.333333333333333,0,1,1,10.666666666666666,16"
                  fill="none"
                  stroke="#3366cc"
                  stroke-width="4"
                />
              </svg>
              <span
                class="recharts-legend-item-text"
              >
                value
              </span>
            </li>
          </ul>
        </div>
        <div
          class="recharts-tooltip-wrapper"
          style="transform: translate(undefinedpx, undefinedpx); pointer-events: none; visibility: hidden; position: absolute; top: 0px;"
        >
          <div
            class="recharts-default-tooltip"
            style="margin: 0px; padding: 10px; background-color: rgb(255, 255, 255); border: 1px solid #ccc; white-space: nowrap;"
          >
            <p
              class="recharts-tooltip-label"
              style="margin: 0px;"
            />
          </div>
        </div>
      </div>
    </div>
  </div>,
  "debug": [Function],
  "findAllByAltText": [Function],
  "findAllByDisplayValue": [Function],
  "findAllByLabelText": [Function],
  "findAllByPlaceholderText": [Function],
  "findAllByRole": [Function],
  "findAllByTestId": [Function],
  "findAllByText": [Function],
  "findAllByTitle": [Function],
  "findByAltText": [Function],
  "findByDisplayValue": [Function],
  "findByLabelText": [Function],
  "findByPlaceholderText": [Function],
  "findByRole": [Function],
  "findByTestId": [Function],
  "findByText": [Function],
  "findByTitle": [Function],
  "getAllByAltText": [Function],
  "getAllByDisplayValue": [Function],
  "getAllByLabelText": [Function],
  "getAllByPlaceholderText": [Function],
  "getAllByRole": [Function],
  "getAllByTestId": [Function],
  "getAllByText": [Function],
  "getAllByTitle": [Function],
  "getByAltText": [Function],
  "getByDisplayValue": [Function],
  "getByLabelText": [Function],
  "getByPlaceholderText": [Function],
  "getByRole": [Function],
  "getByTestId": [Function],
  "getByText": [Function],
  "getByTitle": [Function],
  "queryAllByAltText": [Function],
  "queryAllByDisplayValue": [Function],
  "queryAllByLabelText": [Function],
  "queryAllByPlaceholderText": [Function],
  "queryAllByRole": [Function],
  "queryAllByTestId": [Function],
  "queryAllByText": [Function],
  "queryAllByTitle": [Function],
  "queryByAltText": [Function],
  "queryByDisplayValue": [Function],
  "queryByLabelText": [Function],
  "queryByPlaceholderText": [Function],
  "queryByRole": [Function],
  "queryByTestId": [Function],
  "queryByText": [Function],
  "queryByTitle": [Function],
  "rerender": [Function],
  "unmount": [Function],
}
`;

exports[`<LineChartWrapper /> renders correctly when data and keys are not passed 1`] = `
Object {
  "asFragment": [Function],
  "baseElement": <body>
    <span
      id="recharts_measurement_span"
      style="position: absolute; top: -20000px; left: 0px; padding: 0px; margin: 0px; white-space: pre;"
    >
      Â 
    </span>
    <div>
      <div
        class="line-chart-wrapper"
        title="title test"
      >
        <h3>
          title test
        </h3>
        <div
          class="recharts-wrapper"
          style="position: relative; cursor: default; width: 700px; height: 300px;"
        >
          <svg
            class="recharts-surface"
            cursor=""
            height="300"
            version="1.1"
            viewBox="0 0 700 300"
            width="700"
          >
            <defs>
              <clippath
                id="recharts5-clip"
              >
                <rect
                  height="260"
                  width="590"
                  x="80"
                  y="5"
                />
              </clippath>
            </defs>
            <g
              class="recharts-cartesian-grid"
            >
              <g
                class="recharts-cartesian-grid-horizontal"
              >
                <line
                  fill="none"
                  height="260"
                  stroke="#ccc"
                  stroke-dasharray="3 3"
                  width="590"
                  x="80"
                  x1="80"
                  x2="670"
                  y="5"
                  y1="5"
                  y2="5"
                />
                <line
                  fill="none"
                  height="260"
                  stroke="#ccc"
                  stroke-dasharray="3 3"
                  width="590"
                  x="80"
                  x1="80"
                  x2="670"
                  y="5"
                  y1="265"
                  y2="265"
                />
              </g>
              <g
                class="recharts-cartesian-grid-vertical"
              >
                <line
                  fill="none"
                  height="260"
                  stroke="#ccc"
                  stroke-dasharray="3 3"
                  width="590"
                  x="80"
                  x1="80"
                  x2="80"
                  y="5"
                  y1="5"
                  y2="265"
                />
                <line
                  fill="none"
                  height="260"
                  stroke="#ccc"
                  stroke-dasharray="3 3"
                  width="590"
                  x="80"
                  x1="670"
                  x2="670"
                  y="5"
                  y1="5"
                  y2="265"
                />
              </g>
            </g>
            <g
              class="recharts-layer recharts-cartesian-axis recharts-yAxis yAxis"
            >
              <line
                class="recharts-cartesian-axis-line"
                fill="none"
                height="260"
                stroke="#666"
                width="60"
                x="20"
                x1="80"
                x2="80"
                y="5"
                y1="5"
                y2="265"
              />
              <g
                class="recharts-cartesian-axis-ticks"
              />
            </g>
          </svg>
          <div
            class="recharts-legend-wrapper"
            style="position: absolute; width: 650px; height: auto; left: 20px; bottom: 5px;"
          />
          <div
            class="recharts-tooltip-wrapper"
            style="transform: translate(undefinedpx, undefinedpx); pointer-events: none; visibility: hidden; position: absolute; top: 0px;"
          >
            <div
              class="recharts-default-tooltip"
              style="margin: 0px; padding: 10px; background-color: rgb(255, 255, 255); border: 1px solid #ccc; white-space: nowrap;"
            >
              <p
                class="recharts-tooltip-label"
                style="margin: 0px;"
              />
            </div>
          </div>
        </div>
      </div>
    </div>
  </body>,
  "container": <div>
    <div
      class="line-chart-wrapper"
      title="title test"
    >
      <h3>
        title test
      </h3>
      <div
        class="recharts-wrapper"
        style="position: relative; cursor: default; width: 700px; height: 300px;"
      >
        <svg
          class="recharts-surface"
          cursor=""
          height="300"
          version="1.1"
          viewBox="0 0 700 300"
          width="700"
        >
          <defs>
            <clippath
              id="recharts5-clip"
            >
              <rect
                height="260"
                width="590"
                x="80"
                y="5"
              />
            </clippath>
          </defs>
          <g
            class="recharts-cartesian-grid"
          >
            <g
              class="recharts-cartesian-grid-horizontal"
            >
              <line
                fill="none"
                height="260"
                stroke="#ccc"
                stroke-dasharray="3 3"
                width="590"
                x="80"
                x1="80"
                x2="670"
                y="5"
                y1="5"
                y2="5"
              />
              <line
                fill="none"
                height="260"
                stroke="#ccc"
                stroke-dasharray="3 3"
                width="590"
                x="80"
                x1="80"
                x2="670"
                y="5"
                y1="265"
                y2="265"
              />
            </g>
            <g
              class="recharts-cartesian-grid-vertical"
            >
              <line
                fill="none"
                height="260"
                stroke="#ccc"
                stroke-dasharray="3 3"
                width="590"
                x="80"
                x1="80"
                x2="80"
                y="5"
                y1="5"
                y2="265"
              />
              <line
                fill="none"
                height="260"
                stroke="#ccc"
                stroke-dasharray="3 3"
                width="590"
                x="80"
                x1="670"
                x2="670"
                y="5"
                y1="5"
                y2="265"
              />
            </g>
          </g>
          <g
            class="recharts-layer recharts-cartesian-axis recharts-yAxis yAxis"
          >
            <line
              class="recharts-cartesian-axis-line"
              fill="none"
              height="260"
              stroke="#666"
              width="60"
              x="20"
              x1="80"
              x2="80"
              y="5"
              y1="5"
              y2="265"
            />
            <g
              class="recharts-cartesian-axis-ticks"
            />
          </g>
        </svg>
        <div
          class="recharts-legend-wrapper"
          style="position: absolute; width: 650px; height: auto; left: 20px; bottom: 5px;"
        />
        <div
          class="recharts-tooltip-wrapper"
          style="transform: translate(undefinedpx, undefinedpx); pointer-events: none; visibility: hidden; position: absolute; top: 0px;"
        >
          <div
            class="recharts-default-tooltip"
            style="margin: 0px; padding: 10px; background-color: rgb(255, 255, 255); border: 1px solid #ccc; white-space: nowrap;"
          >
            <p
              class="recharts-tooltip-label"
              style="margin: 0px;"
            />
          </div>
        </div>
      </div>
    </div>
  </div>,
  "debug": [Function],
  "findAllByAltText": [Function],
  "findAllByDisplayValue": [Function],
  "findAllByLabelText": [Function],
  "findAllByPlaceholderText": [Function],
  "findAllByRole": [Function],
  "findAllByTestId": [Function],
  "findAllByText": [Function],
  "findAllByTitle": [Function],
  "findByAltText": [Function],
  "findByDisplayValue": [Function],
  "findByLabelText": [Function],
  "findByPlaceholderText": [Function],
  "findByRole": [Function],
  "findByTestId": [Function],
  "findByText": [Function],
  "findByTitle": [Function],
  "getAllByAltText": [Function],
  "getAllByDisplayValue": [Function],
  "getAllByLabelText": [Function],
  "getAllByPlaceholderText": [Function],
  "getAllByRole": [Function],
  "getAllByTestId": [Function],
  "getAllByText": [Function],
  "getAllByTitle": [Function],
  "getByAltText": [Function],
  "getByDisplayValue": [Function],
  "getByLabelText": [Function],
  "getByPlaceholderText": [Function],
  "getByRole": [Function],
  "getByTestId": [Function],
  "getByText": [Function],
  "getByTitle": [Function],
  "queryAllByAltText": [Function],
  "queryAllByDisplayValue": [Function],
  "queryAllByLabelText": [Function],
  "queryAllByPlaceholderText": [Function],
  "queryAllByRole": [Function],
  "queryAllByTestId": [Function],
  "queryAllByText": [Function],
  "queryAllByTitle": [Function],
  "queryByAltText": [Function],
  "queryByDisplayValue": [Function],
  "queryByLabelText": [Function],
  "queryByPlaceholderText": [Function],
  "queryByRole": [Function],
  "queryByTestId": [Function],
  "queryByText": [Function],
  "queryByTitle": [Function],
  "rerender": [Function],
  "unmount": [Function],
}
`;
